Using zeroshot rho=(0, 0, 0, 0)
checkpoint_model_path=checkpoints/idf_clean_dis_v4_fusion_additive_ord0.01_fromscratch_full10000/idf_clean_dis_v4_fusion_additive_ord0.01_fromscratch_full10000_final.pth
eval_split=test
Some weights of ChronosBoltModelForForecastingWithRetrieval were not initialized from the model checkpoint at /home/fenglei/TS-RAG-main/TS-RAG/checkpoints/base/ and are newly initialized: ['dyn_aux_backproj.bias', 'dyn_aux_backproj.weight', 'dyn_pred_head_clean.bias', 'dyn_pred_head_clean.weight', 'encode_mlp.0.bias', 'encode_mlp.0.weight', 'encode_mlp.2.bias', 'encode_mlp.2.weight', 'final_pred_head.bias', 'final_pred_head.weight', 'fuse_gate.bias', 'fuse_gate.weight', 'inv_aux_backproj.bias', 'inv_aux_backproj.weight', 'inv_pred_head.bias', 'inv_pred_head.weight', 'ret_score_head.bias', 'ret_score_head.weight', 'routing_gate.bias', 'routing_gate.weight']
You should probably TRAIN this model on a down-stream task to be able to use it for predictions and inference.
使用设备: cuda:0
ETTh1_zeroshot_512_pred_64_512_retrieve_64_idf_clean_dis_v4
augment_mode=idf_clean_dis_v4, retrieval_mode=embedding
best_model_path: checkpoints/idf_clean_dis_v4_fusion_additive_ord0.01_fromscratch_full10000/idf_clean_dis_v4_fusion_additive_ord0.01_fromscratch_full10000_final.pth
----------retrieval for ETTh1_zeroshot_512_pred_64_512_retrieve_64_idf_clean_dis_v4 has done!!----------
retrieved_data_path = /home/fenglei/TS-RAG-main/datasets/ETT-small/ETTh1_retrieve_ETTh1_512_only_self_train_None.csv
2 (3392, 7)
self.enc_in = 7
self.data_x = (3392, 7)
eval_split = test
Traceback (most recent call last):
  File "/home/fenglei/TS-RAG-main/TS-RAG/zeroshot.py", line 281, in <module>
    ckpt = torch.load(best_model_path, map_location="cpu")
  File "/home/fenglei/miniconda3/envs/tsrag/lib/python3.10/site-packages/torch/serialization.py", line 1432, in load
    with _open_zipfile_reader(opened_file) as opened_zipfile:
  File "/home/fenglei/miniconda3/envs/tsrag/lib/python3.10/site-packages/torch/serialization.py", line 763, in __init__
    super().__init__(torch._C.PyTorchFileReader(name_or_buffer))
RuntimeError: PytorchStreamReader failed reading zip archive: failed finding central directory
Some weights of ChronosBoltModelForForecastingWithRetrieval were not initialized from the model checkpoint at /home/fenglei/TS-RAG-main/TS-RAG/checkpoints/base/ and are newly initialized: ['dyn_aux_backproj.bias', 'dyn_aux_backproj.weight', 'dyn_pred_head_clean.bias', 'dyn_pred_head_clean.weight', 'encode_mlp.0.bias', 'encode_mlp.0.weight', 'encode_mlp.2.bias', 'encode_mlp.2.weight', 'final_pred_head.bias', 'final_pred_head.weight', 'fuse_gate.bias', 'fuse_gate.weight', 'inv_aux_backproj.bias', 'inv_aux_backproj.weight', 'inv_pred_head.bias', 'inv_pred_head.weight', 'ret_score_head.bias', 'ret_score_head.weight', 'routing_gate.bias', 'routing_gate.weight']
You should probably TRAIN this model on a down-stream task to be able to use it for predictions and inference.
使用设备: cuda:0
ETTh2_zeroshot_512_pred_64_512_retrieve_64_idf_clean_dis_v4
augment_mode=idf_clean_dis_v4, retrieval_mode=embedding
best_model_path: checkpoints/idf_clean_dis_v4_fusion_additive_ord0.01_fromscratch_full10000/idf_clean_dis_v4_fusion_additive_ord0.01_fromscratch_full10000_final.pth
----------retrieval for ETTh2_zeroshot_512_pred_64_512_retrieve_64_idf_clean_dis_v4 has done!!----------
retrieved_data_path = /home/fenglei/TS-RAG-main/datasets/ETT-small/ETTh2_retrieve_ETTh2_512_only_self_train_None.csv
2 (3392, 7)
self.enc_in = 7
self.data_x = (3392, 7)
eval_split = test
Traceback (most recent call last):
  File "/home/fenglei/TS-RAG-main/TS-RAG/zeroshot.py", line 281, in <module>
    ckpt = torch.load(best_model_path, map_location="cpu")
  File "/home/fenglei/miniconda3/envs/tsrag/lib/python3.10/site-packages/torch/serialization.py", line 1432, in load
    with _open_zipfile_reader(opened_file) as opened_zipfile:
  File "/home/fenglei/miniconda3/envs/tsrag/lib/python3.10/site-packages/torch/serialization.py", line 763, in __init__
    super().__init__(torch._C.PyTorchFileReader(name_or_buffer))
RuntimeError: PytorchStreamReader failed reading zip archive: failed finding central directory
Some weights of ChronosBoltModelForForecastingWithRetrieval were not initialized from the model checkpoint at /home/fenglei/TS-RAG-main/TS-RAG/checkpoints/base/ and are newly initialized: ['dyn_aux_backproj.bias', 'dyn_aux_backproj.weight', 'dyn_pred_head_clean.bias', 'dyn_pred_head_clean.weight', 'encode_mlp.0.bias', 'encode_mlp.0.weight', 'encode_mlp.2.bias', 'encode_mlp.2.weight', 'final_pred_head.bias', 'final_pred_head.weight', 'fuse_gate.bias', 'fuse_gate.weight', 'inv_aux_backproj.bias', 'inv_aux_backproj.weight', 'inv_pred_head.bias', 'inv_pred_head.weight', 'ret_score_head.bias', 'ret_score_head.weight', 'routing_gate.bias', 'routing_gate.weight']
You should probably TRAIN this model on a down-stream task to be able to use it for predictions and inference.
使用设备: cuda:0
ETTm1_zeroshot_512_pred_64_512_retrieve_64_idf_clean_dis_v4
augment_mode=idf_clean_dis_v4, retrieval_mode=embedding
best_model_path: checkpoints/idf_clean_dis_v4_fusion_additive_ord0.01_fromscratch_full10000/idf_clean_dis_v4_fusion_additive_ord0.01_fromscratch_full10000_final.pth
----------retrieval for ETTm1_zeroshot_512_pred_64_512_retrieve_64_idf_clean_dis_v4 has done!!----------
retrieved_data_path = /home/fenglei/TS-RAG-main/datasets/ETT-small/ETTm1_retrieve_ETTm1_512_only_self_train_None.csv
2 (12032, 7)
self.enc_in = 7
self.data_x = (12032, 7)
eval_split = test
Traceback (most recent call last):
  File "/home/fenglei/TS-RAG-main/TS-RAG/zeroshot.py", line 281, in <module>
    ckpt = torch.load(best_model_path, map_location="cpu")
  File "/home/fenglei/miniconda3/envs/tsrag/lib/python3.10/site-packages/torch/serialization.py", line 1432, in load
    with _open_zipfile_reader(opened_file) as opened_zipfile:
  File "/home/fenglei/miniconda3/envs/tsrag/lib/python3.10/site-packages/torch/serialization.py", line 763, in __init__
    super().__init__(torch._C.PyTorchFileReader(name_or_buffer))
RuntimeError: PytorchStreamReader failed reading zip archive: failed finding central directory
Some weights of ChronosBoltModelForForecastingWithRetrieval were not initialized from the model checkpoint at /home/fenglei/TS-RAG-main/TS-RAG/checkpoints/base/ and are newly initialized: ['dyn_aux_backproj.bias', 'dyn_aux_backproj.weight', 'dyn_pred_head_clean.bias', 'dyn_pred_head_clean.weight', 'encode_mlp.0.bias', 'encode_mlp.0.weight', 'encode_mlp.2.bias', 'encode_mlp.2.weight', 'final_pred_head.bias', 'final_pred_head.weight', 'fuse_gate.bias', 'fuse_gate.weight', 'inv_aux_backproj.bias', 'inv_aux_backproj.weight', 'inv_pred_head.bias', 'inv_pred_head.weight', 'ret_score_head.bias', 'ret_score_head.weight', 'routing_gate.bias', 'routing_gate.weight']
You should probably TRAIN this model on a down-stream task to be able to use it for predictions and inference.
使用设备: cuda:0
ETTm2_zeroshot_512_pred_64_512_retrieve_64_idf_clean_dis_v4
augment_mode=idf_clean_dis_v4, retrieval_mode=embedding
best_model_path: checkpoints/idf_clean_dis_v4_fusion_additive_ord0.01_fromscratch_full10000/idf_clean_dis_v4_fusion_additive_ord0.01_fromscratch_full10000_final.pth
----------retrieval for ETTm2_zeroshot_512_pred_64_512_retrieve_64_idf_clean_dis_v4 has done!!----------
retrieved_data_path = /home/fenglei/TS-RAG-main/datasets/ETT-small/ETTm2_retrieve_ETTm2_512_only_self_train_None.csv
2 (12032, 7)
self.enc_in = 7
self.data_x = (12032, 7)
eval_split = test
Traceback (most recent call last):
  File "/home/fenglei/TS-RAG-main/TS-RAG/zeroshot.py", line 281, in <module>
    ckpt = torch.load(best_model_path, map_location="cpu")
  File "/home/fenglei/miniconda3/envs/tsrag/lib/python3.10/site-packages/torch/serialization.py", line 1432, in load
    with _open_zipfile_reader(opened_file) as opened_zipfile:
  File "/home/fenglei/miniconda3/envs/tsrag/lib/python3.10/site-packages/torch/serialization.py", line 763, in __init__
    super().__init__(torch._C.PyTorchFileReader(name_or_buffer))
RuntimeError: PytorchStreamReader failed reading zip archive: failed finding central directory
Some weights of ChronosBoltModelForForecastingWithRetrieval were not initialized from the model checkpoint at /home/fenglei/TS-RAG-main/TS-RAG/checkpoints/base/ and are newly initialized: ['dyn_aux_backproj.bias', 'dyn_aux_backproj.weight', 'dyn_pred_head_clean.bias', 'dyn_pred_head_clean.weight', 'encode_mlp.0.bias', 'encode_mlp.0.weight', 'encode_mlp.2.bias', 'encode_mlp.2.weight', 'final_pred_head.bias', 'final_pred_head.weight', 'fuse_gate.bias', 'fuse_gate.weight', 'inv_aux_backproj.bias', 'inv_aux_backproj.weight', 'inv_pred_head.bias', 'inv_pred_head.weight', 'ret_score_head.bias', 'ret_score_head.weight', 'routing_gate.bias', 'routing_gate.weight']
You should probably TRAIN this model on a down-stream task to be able to use it for predictions and inference.
使用设备: cuda:0
weather_zeroshot_512_pred_64_512_retrieve_64_idf_clean_dis_v4
augment_mode=idf_clean_dis_v4, retrieval_mode=embedding
best_model_path: checkpoints/idf_clean_dis_v4_fusion_additive_ord0.01_fromscratch_full10000/idf_clean_dis_v4_fusion_additive_ord0.01_fromscratch_full10000_final.pth
----------retrieval for weather_zeroshot_512_pred_64_512_retrieve_64_idf_clean_dis_v4 has done!!----------
retrieved_data_path = /home/fenglei/TS-RAG-main/datasets//weather/weather_retrieve_weather_512_only_self_train_None.csv
2 (11051, 21)
self.enc_in = 21
self.data_x = (11051, 21)
eval_split = test
Traceback (most recent call last):
  File "/home/fenglei/TS-RAG-main/TS-RAG/zeroshot.py", line 281, in <module>
    ckpt = torch.load(best_model_path, map_location="cpu")
  File "/home/fenglei/miniconda3/envs/tsrag/lib/python3.10/site-packages/torch/serialization.py", line 1432, in load
    with _open_zipfile_reader(opened_file) as opened_zipfile:
  File "/home/fenglei/miniconda3/envs/tsrag/lib/python3.10/site-packages/torch/serialization.py", line 763, in __init__
    super().__init__(torch._C.PyTorchFileReader(name_or_buffer))
RuntimeError: PytorchStreamReader failed reading zip archive: failed finding central directory
Some weights of ChronosBoltModelForForecastingWithRetrieval were not initialized from the model checkpoint at /home/fenglei/TS-RAG-main/TS-RAG/checkpoints/base/ and are newly initialized: ['dyn_aux_backproj.bias', 'dyn_aux_backproj.weight', 'dyn_pred_head_clean.bias', 'dyn_pred_head_clean.weight', 'encode_mlp.0.bias', 'encode_mlp.0.weight', 'encode_mlp.2.bias', 'encode_mlp.2.weight', 'final_pred_head.bias', 'final_pred_head.weight', 'fuse_gate.bias', 'fuse_gate.weight', 'inv_aux_backproj.bias', 'inv_aux_backproj.weight', 'inv_pred_head.bias', 'inv_pred_head.weight', 'ret_score_head.bias', 'ret_score_head.weight', 'routing_gate.bias', 'routing_gate.weight']
You should probably TRAIN this model on a down-stream task to be able to use it for predictions and inference.
使用设备: cuda:0
exchange_rate_zeroshot_512_pred_64_512_retrieve_64_idf_clean_dis_v4
augment_mode=idf_clean_dis_v4, retrieval_mode=embedding
best_model_path: checkpoints/idf_clean_dis_v4_fusion_additive_ord0.01_fromscratch_full10000/idf_clean_dis_v4_fusion_additive_ord0.01_fromscratch_full10000_final.pth
----------retrieval for exchange_rate_zeroshot_512_pred_64_512_retrieve_64_idf_clean_dis_v4 has done!!----------
retrieved_data_path = /home/fenglei/TS-RAG-main/datasets//exchange_rate/exchange_rate_retrieve_exchange_rate_512_only_self_train_None.csv
2 (2029, 8)
self.enc_in = 8
self.data_x = (2029, 8)
eval_split = test
Traceback (most recent call last):
  File "/home/fenglei/TS-RAG-main/TS-RAG/zeroshot.py", line 281, in <module>
    ckpt = torch.load(best_model_path, map_location="cpu")
  File "/home/fenglei/miniconda3/envs/tsrag/lib/python3.10/site-packages/torch/serialization.py", line 1432, in load
    with _open_zipfile_reader(opened_file) as opened_zipfile:
  File "/home/fenglei/miniconda3/envs/tsrag/lib/python3.10/site-packages/torch/serialization.py", line 763, in __init__
    super().__init__(torch._C.PyTorchFileReader(name_or_buffer))
RuntimeError: PytorchStreamReader failed reading zip archive: failed finding central directory
